

processing file: comprehensive_competing_risks_analysis.Rmd
1/22                       
2/22 [setup]               
3/22                       
4/22 [load-libraries]      
5/22                       
6/22 [load-data]           
7/22                       
8/22 [explore-events]      
9/22                       
10/22 [variable-profile]    
11/22                       
12/22 [split-data]          
13/22                       
14/22 [train-models]        
15/22                       
16/22 [generate-predictions]
17/22                       
18/22 [evaluate-ensemble]   
19/22                       
20/22 [visualization]       
21/22                       
22/22 [save-models]         
output file: comprehensive_competing_risks_analysis.knit.md

/opt/homebrew/bin/pandoc +RTS -K512m -RTS comprehensive_competing_risks_analysis.knit.md --to html4 --from markdown+autolink_bare_uris+tex_math_single_backslash --output comprehensive_competing_risks_analysis.html --lua-filter /Users/dakdemir/Library/R/arm64/4.4/library/rmarkdown/rmarkdown/lua/pagebreak.lua --lua-filter /Users/dakdemir/Library/R/arm64/4.4/library/rmarkdown/rmarkdown/lua/latex-div.lua --lua-filter /Users/dakdemir/Library/R/arm64/4.4/library/rmarkdown/rmarkdown/lua/table-classes.lua --embed-resources --standalone --section-divs --table-of-contents --toc-depth 2 --template /Users/dakdemir/Library/R/arm64/4.4/library/rmarkdown/rmd/h/default.html --highlight-style pygments --css /Users/dakdemir/Library/R/arm64/4.4/library/rmarkdown/rmarkdown/templates/html_vignette/resources/vignette.css --mathjax --variable 'mathjax-url=https://mathjax.rstudio.com/latest/MathJax.js?config=TeX-AMS-MML_HTMLorMML' --include-in-header /var/folders/8n/1l40cygn069cwys_v97vljmr0000gp/T//RtmpwpsIGR/rmarkdown-str582031636b83.html 

Output created: comprehensive_competing_risks_analysis.html
Warning message:
The vignette title specified in \VignetteIndexEntry{} is different from the title in the YAML metadata. The former is "Comprehensive Competing Risks Analysis", and the latter is "Comprehensive Competing Risks Analysis with ml4time2event". If that is intentional, you may set options(rmarkdown.html_vignette.check_title = FALSE) to suppress this check. 
